// Jest Snapshot v1, https://goo.gl/fbAQLP

exports[`Base Input component Should match with snapshot 1`] = `
<ion-row class="">
  <ion-col class="">
    <ion-item class=""><input placeholder="Email" class="field"></ion-item>
  </ion-col>
</ion-row>
`;
