// Jest Snapshot v1, https://goo.gl/fbAQLP

exports[`GoBackButton tests Should match with snapshot 1`] = `
<div><button>
    <ion-icon></ion-icon>
  </button></div>
`;
